test_edit_dimensions_require_32_multiple (tests.test_project.AdapterTests.test_edit_dimensions_require_32_multiple) ... ok
test_image_cli_arguments (tests.test_project.AdapterTests.test_image_cli_arguments) ... ok
test_image_fake_process_contract_not_inference (tests.test_project.AdapterTests.test_image_fake_process_contract_not_inference) ... ok
test_image_output_no_overwrite (tests.test_project.AdapterTests.test_image_output_no_overwrite) ... ok
test_image_output_path_escape (tests.test_project.AdapterTests.test_image_output_path_escape) ... ok
test_image_reference_flags (tests.test_project.AdapterTests.test_image_reference_flags) ... ok
test_missing_image_output_is_error (tests.test_project.AdapterTests.test_missing_image_output_is_error) ... ok
test_native_bridge_transport_using_fake_process (tests.test_project.AdapterTests.test_native_bridge_transport_using_fake_process) ... ok
test_ncnn_cli_transport_using_fake_process (tests.test_project.AdapterTests.test_ncnn_cli_transport_using_fake_process) ... ok
test_ncnn_missing_model_fails_without_mock_fallback (tests.test_project.AdapterTests.test_ncnn_missing_model_fails_without_mock_fallback) ... ok
test_action_json (tests.test_project.AgentTests.test_action_json) ... ok
test_audit_written (tests.test_project.AgentTests.test_audit_written) ... ok
test_completed_think_removed (tests.test_project.AgentTests.test_completed_think_removed) ... ok
test_context_budget (tests.test_project.AgentTests.test_context_budget) ... ok
test_end_to_end_with_scripted_backend (tests.test_project.AgentTests.test_end_to_end_with_scripted_backend) ... ok
test_fenced_action (tests.test_project.AgentTests.test_fenced_action) ... ok
test_invalid_json_retry_then_succeed (tests.test_project.AgentTests.test_invalid_json_retry_then_succeed) ... ok
test_reject_malformed_or_ambiguous_actions (tests.test_project.AgentTests.test_reject_malformed_or_ambiguous_actions) ... ok
test_repeat_loop_blocked (tests.test_project.AgentTests.test_repeat_loop_blocked) ... ok
test_step_limit (tests.test_project.AgentTests.test_step_limit) ... ok
test_three_bad_formats_stop (tests.test_project.AgentTests.test_three_bad_formats_stop) ... ok
test_tool_types_and_extra_arguments (tests.test_project.AgentTests.test_tool_types_and_extra_arguments) ... ok
test_unknown_tool_cannot_execute (tests.test_project.AgentTests.test_unknown_tool_cannot_execute) ... ok
test_demo_full_actual_tools_scripted_planner (tests.test_project.CLITests.test_demo_full_actual_tools_scripted_planner) ... ok
test_demo_requires_consent (tests.test_project.CLITests.test_demo_requires_consent) ... ok
test_doctor_runs_without_models (tests.test_project.CLITests.test_doctor_runs_without_models) ... ok
test_real_run_missing_weights_is_error (tests.test_project.CLITests.test_real_run_missing_weights_is_error) ... ok
test_argv_no_shell_interpolation (tests.test_project.ExecutionTests.test_argv_no_shell_interpolation) ... ok
test_command_disabled (tests.test_project.ExecutionTests.test_command_disabled) ... ok
test_default_python_disabled (tests.test_project.ExecutionTests.test_default_python_disabled) ... ok
test_docker_does_not_fallback (tests.test_project.ExecutionTests.test_docker_does_not_fallback) ... ok
test_docker_flags_contract_only (tests.test_project.ExecutionTests.test_docker_flags_contract_only) ... ok
test_fixed_command_executes (tests.test_project.ExecutionTests.test_fixed_command_executes) ... ok
test_output_is_bounded (tests.test_project.ExecutionTests.test_output_is_bounded) ... ok
test_real_python_creates_file (tests.test_project.ExecutionTests.test_real_python_creates_file) ... ok
test_real_python_error_reported (tests.test_project.ExecutionTests.test_real_python_error_reported) ... ok
test_real_python_timeout (tests.test_project.ExecutionTests.test_real_python_timeout) ... ok
test_unknown_command_blocked (tests.test_project.ExecutionTests.test_unknown_command_blocked) ... ok
test_unsafe_mode_requires_consent (tests.test_project.ExecutionTests.test_unsafe_mode_requires_consent) ... ok
test_allowlist_and_namespace (tests.test_project.MCPTests.test_allowlist_and_namespace) ... ok
test_duplicate_tool_registration_fails (tests.test_project.MCPTests.test_duplicate_tool_registration_fails) ... ok
test_mcp_arguments_cannot_override_bound_remote_name (tests.test_project.MCPTests.test_mcp_arguments_cannot_override_bound_remote_name) ... ok
test_missing_tools_capability_fails (tests.test_project.MCPTests.test_missing_tools_capability_fails) ... ok
test_real_demo_server_statistics (tests.test_project.MCPTests.test_real_demo_server_statistics) ... ok
test_real_handshake_and_pagination (tests.test_project.MCPTests.test_real_handshake_and_pagination) ... ok
test_real_server_error (tests.test_project.MCPTests.test_real_server_error) ... ok
test_repeated_cursor_fails (tests.test_project.MCPTests.test_repeated_cursor_fails) ... ok
test_version_mismatch_fails (tests.test_project.MCPTests.test_version_mismatch_fails) ... ok
test_bad_json_fails (tests.test_project.RPCTests.test_bad_json_fails) ... ok
test_close_idempotent (tests.test_project.RPCTests.test_close_idempotent) ... ok
test_notifications_do_not_corrupt_result (tests.test_project.RPCTests.test_notifications_do_not_corrupt_result) ... ok
test_real_subprocess_echo (tests.test_project.RPCTests.test_real_subprocess_echo) ... ok
test_server_ping_handled (tests.test_project.RPCTests.test_server_ping_handled) ... ok
test_timeout_closes_process (tests.test_project.RPCTests.test_timeout_closes_process) ... ok
test_wrong_id_fails (tests.test_project.RPCTests.test_wrong_id_fails) ... ok
test_absolute_blocked (tests.test_project.WorkspaceTests.test_absolute_blocked) ... ok
test_ambiguous_patch_fails (tests.test_project.WorkspaceTests.test_ambiguous_patch_fails) ... ok
test_empty_patch_fails (tests.test_project.WorkspaceTests.test_empty_patch_fails) ... ok
test_explicit_overwrite (tests.test_project.WorkspaceTests.test_explicit_overwrite) ... ok
test_hardlink_blocked (tests.test_project.WorkspaceTests.test_hardlink_blocked) ... ok
test_internal_paths_blocked (tests.test_project.WorkspaceTests.test_internal_paths_blocked) ... ok
test_list (tests.test_project.WorkspaceTests.test_list) ... ok
test_no_implicit_overwrite (tests.test_project.WorkspaceTests.test_no_implicit_overwrite) ... ok
test_parent_traversal_blocked (tests.test_project.WorkspaceTests.test_parent_traversal_blocked) ... ok
test_patch_exactly_one (tests.test_project.WorkspaceTests.test_patch_exactly_one) ... ok
test_platform_reserved_names_blocked (tests.test_project.WorkspaceTests.test_platform_reserved_names_blocked) ... ok
test_size_limit_read (tests.test_project.WorkspaceTests.test_size_limit_read) ... ok
test_size_limit_write (tests.test_project.WorkspaceTests.test_size_limit_write) ... ok
test_symlink_directory_blocked (tests.test_project.WorkspaceTests.test_symlink_directory_blocked) ... ok
test_symlink_escape_blocked (tests.test_project.WorkspaceTests.test_symlink_escape_blocked) ... ok
test_unicode_roundtrip (tests.test_project.WorkspaceTests.test_unicode_roundtrip) ... ok
test_windows_drive_unc_ads_blocked (tests.test_project.WorkspaceTests.test_windows_drive_unc_ads_blocked) ... ok

----------------------------------------------------------------------
Ran 72 tests in 18.571s

OK
